[23/23] execute JMP bridge routes for save, run, freshness, batch, CSV attach and fit
Model parameters saved. Direct input boxes are authoritative; no templates are used.
Selected batch: 2 run(s). Shared mechanistic values are locked across those runs.
ERROR: Run validation failed:
- Target protein qmax,i [g/L stationary phase] is required.

Traceback (most recent call last):
  File "/workspace/scratch/98e11e0e3451/tmpadgiwfoo/model/tdm_bridge.py", line 508, in main
    raise ValueError("Run validation failed:\n- " + "\n- ".join(errors))
ValueError: Run validation failed:
- Target protein qmax,i [g/L stationary phase] is required.

Run 1 — Button audit run 1 completed successfully.
Recipe used: Run 1 — Button audit run 1: load capacity 20 g/L resin; required feed volume 10 mL; 14.6 CV total (Load 10 CV @ 1 mL/min [0–10 CV] (%B 0→0) (salt 0.05→0.05 M; conductivity 5→5 mS/cm), PLW 1 0.47 CV @ 1.35 mL/min [10–10.47 CV] (%B 12→34) (salt 0.164→0.373 M; conductivity 16.4→37.3 mS/cm), PLW 2 0.31 CV @ 0.78 mL/min [10.47–10.78 CV] (%B 34→55) (salt 0.373→0.5725 M; conductivity 37.3→57.25 mS/cm), PLW 3 0.22 CV @ 1.7 mL/min [10.78–11 CV] (%B 55→80) (salt 0.5725→0.81 M; conductivity 57.25→81 mS/cm), Elution 1 1.26 CV @ 0.63 mL/min [11–12.26 CV] (%B 21→66) (salt 0.2495→0.677 M; conductivity 24.95→67.7 mS/cm), Elution 2 2.34 CV @ 1.44 mL/min [12.26–14.6 CV] (%B 66→93) (salt 0.677→0.9335 M; conductivity 67.7→93.35 mS/cm))
Active mechanistic inputs consumed: 20
HTML: /workspace/scratch/98e11e0e3451/tmpadgiwfoo/model/latest_results.html
CSV: /workspace/scratch/98e11e0e3451/tmpadgiwfoo/model/latest_results.csv
SVG: /workspace/scratch/98e11e0e3451/tmpadgiwfoo/model/latest_results.svg
Run receipt: /workspace/scratch/98e11e0e3451/tmpadgiwfoo/model/latest_results_manifest.json
Run 1 — Button audit run 1 completed successfully.
Recipe used: Run 1 — Button audit run 1: load capacity 20 g/L resin; required feed volume 10 mL; 14.68 CV total (Load 10 CV @ 1 mL/min [0–10 CV] (%B 0→0) (salt 0.05→0.05 M; conductivity 5→5 mS/cm), PLW 1 0.55 CV @ 1.35 mL/min [10–10.55 CV] (%B 12→34) (salt 0.164→0.373 M; conductivity 16.4→37.3 mS/cm), PLW 2 0.31 CV @ 0.78 mL/min [10.55–10.86 CV] (%B 34→55) (salt 0.373→0.5725 M; conductivity 37.3→57.25 mS/cm), PLW 3 0.22 CV @ 1.7 mL/min [10.86–11.08 CV] (%B 55→80) (salt 0.5725→0.81 M; conductivity 57.25→81 mS/cm), Elution 1 1.26 CV @ 0.63 mL/min [11.08–12.34 CV] (%B 21→66) (salt 0.2495→0.677 M; conductivity 24.95→67.7 mS/cm), Elution 2 2.34 CV @ 1.44 mL/min [12.34–14.68 CV] (%B 66→93) (salt 0.677→0.9335 M; conductivity 67.7→93.35 mS/cm))
Active mechanistic inputs consumed: 20
HTML: /workspace/scratch/98e11e0e3451/tmpadgiwfoo/model/latest_results.html
CSV: /workspace/scratch/98e11e0e3451/tmpadgiwfoo/model/latest_results.csv
SVG: /workspace/scratch/98e11e0e3451/tmpadgiwfoo/model/latest_results.svg
Run receipt: /workspace/scratch/98e11e0e3451/tmpadgiwfoo/model/latest_results_manifest.json
Run 1 — Button audit run 1 completed successfully.
Recipe used: Run 1 — Button audit run 1: load capacity 20 g/L resin; required feed volume 10 mL; 14.6 CV total (Load 10 CV @ 1 mL/min [0–10 CV] (%B 0→0) (salt 0.05→0.05 M; conductivity 5→5 mS/cm), PLW 1 0.47 CV @ 2.15 mL/min [10–10.47 CV] (%B 12→34) (salt 0.164→0.373 M; conductivity 16.4→37.3 mS/cm), PLW 2 0.31 CV @ 0.78 mL/min [10.47–10.78 CV] (%B 34→55) (salt 0.373→0.5725 M; conductivity 37.3→57.25 mS/cm), PLW 3 0.22 CV @ 1.7 mL/min [10.78–11 CV] (%B 55→80) (salt 0.5725→0.81 M; conductivity 57.25→81 mS/cm), Elution 1 1.26 CV @ 0.63 mL/min [11–12.26 CV] (%B 21→66) (salt 0.2495→0.677 M; conductivity 24.95→67.7 mS/cm), Elution 2 2.34 CV @ 1.44 mL/min [12.26–14.6 CV] (%B 66→93) (salt 0.677→0.9335 M; conductivity 67.7→93.35 mS/cm))
Active mechanistic inputs consumed: 20
HTML: /workspace/scratch/98e11e0e3451/tmpadgiwfoo/model/latest_results.html
CSV: /workspace/scratch/98e11e0e3451/tmpadgiwfoo/model/latest_results.csv
SVG: /workspace/scratch/98e11e0e3451/tmpadgiwfoo/model/latest_results.svg
Run receipt: /workspace/scratch/98e11e0e3451/tmpadgiwfoo/model/latest_results_manifest.json
Run 1 — Button audit run 1 completed successfully.
Recipe used: Run 1 — Button audit run 1: load capacity 20 g/L resin; required feed volume 10 mL; 14.6 CV total (Load 10 CV @ 1 mL/min [0–10 CV] (%B 0→0) (salt 0.05→0.05 M; conductivity 5→5 mS/cm), PLW 1 0.47 CV @ 1.35 mL/min [10–10.47 CV] (%B 20→60) (salt 0.24→0.62 M; conductivity 24→62 mS/cm), PLW 2 0.31 CV @ 0.78 mL/min [10.47–10.78 CV] (%B 34→55) (salt 0.373→0.5725 M; conductivity 37.3→57.25 mS/cm), PLW 3 0.22 CV @ 1.7 mL/min [10.78–11 CV] (%B 55→80) (salt 0.5725→0.81 M; conductivity 57.25→81 mS/cm), Elution 1 1.26 CV @ 0.63 mL/min [11–12.26 CV] (%B 21→66) (salt 0.2495→0.677 M; conductivity 24.95→67.7 mS/cm), Elution 2 2.34 CV @ 1.44 mL/min [12.26–14.6 CV] (%B 66→93) (salt 0.677→0.9335 M; conductivity 67.7→93.35 mS/cm))
Active mechanistic inputs consumed: 20
HTML: /workspace/scratch/98e11e0e3451/tmpadgiwfoo/model/latest_results.html
CSV: /workspace/scratch/98e11e0e3451/tmpadgiwfoo/model/latest_results.csv
SVG: /workspace/scratch/98e11e0e3451/tmpadgiwfoo/model/latest_results.svg
Run receipt: /workspace/scratch/98e11e0e3451/tmpadgiwfoo/model/latest_results_manifest.json
Run 1 — Button audit run 1 completed successfully.
Recipe used: Run 1 — Button audit run 1: load capacity 20 g/L resin; required feed volume 10 mL; 14.6 CV total (Load 10 CV @ 1 mL/min [0–10 CV] (%B 0→0) (salt 0.05→0.05 M; conductivity 5→5 mS/cm), PLW 1 0.47 CV @ 1.35 mL/min [10–10.47 CV] (%B 12→34) (salt 0.164→0.373 M; conductivity 16.4→37.3 mS/cm), PLW 2 0.31 CV @ 0.78 mL/min [10.47–10.78 CV] (%B 34→55) (salt 0.373→0.5725 M; conductivity 37.3→57.25 mS/cm), PLW 3 0.22 CV @ 1.7 mL/min [10.78–11 CV] (%B 55→80) (salt 0.5725→0.81 M; conductivity 57.25→81 mS/cm), Elution 1 1.26 CV @ 0.63 mL/min [11–12.26 CV] (%B 21→66) (salt 0.2495→0.677 M; conductivity 24.95→67.7 mS/cm), Elution 2 2.34 CV @ 1.44 mL/min [12.26–14.6 CV] (%B 66→93) (salt 0.677→0.9335 M; conductivity 67.7→93.35 mS/cm))
Active mechanistic inputs consumed: 20
HTML: /workspace/scratch/98e11e0e3451/tmpadgiwfoo/model/latest_results.html
CSV: /workspace/scratch/98e11e0e3451/tmpadgiwfoo/model/latest_results.csv
SVG: /workspace/scratch/98e11e0e3451/tmpadgiwfoo/model/latest_results.svg
Run receipt: /workspace/scratch/98e11e0e3451/tmpadgiwfoo/model/latest_results_manifest.json
Run 1 — Saved conductivity salt test completed successfully.
Recipe used: Run 1 — Saved conductivity salt test: load capacity 0.8 g/L resin; required feed volume 0.4 mL; 5.4 CV total (Load 0.4 CV @ 1 mL/min [0–0.4 CV] (%B 0→0) (salt 0.05→0.05 M; conductivity 5→5 mS/cm), Elution 1 5 CV @ 1 mL/min [0.4–5.4 CV] (%B 0→100) (salt 0.05→0.05 M; conductivity 5→5 mS/cm))
Active mechanistic inputs consumed: 20
HTML: /workspace/scratch/98e11e0e3451/tmpadgiwfoo/model/latest_results.html
CSV: /workspace/scratch/98e11e0e3451/tmpadgiwfoo/model/latest_results.csv
SVG: /workspace/scratch/98e11e0e3451/tmpadgiwfoo/model/latest_results.svg
Run receipt: /workspace/scratch/98e11e0e3451/tmpadgiwfoo/model/latest_results_manifest.json
Run 1 — Saved conductivity salt test completed successfully.
Recipe used: Run 1 — Saved conductivity salt test: load capacity 0.8 g/L resin; required feed volume 0.4 mL; 5.4 CV total (Load 0.4 CV @ 1 mL/min [0–0.4 CV] (%B 0→0) (salt 0.75→0.75 M; conductivity 75→75 mS/cm), Elution 1 5 CV @ 1 mL/min [0.4–5.4 CV] (%B 0→100) (salt 0.75→0.75 M; conductivity 75→75 mS/cm))
Active mechanistic inputs consumed: 20
HTML: /workspace/scratch/98e11e0e3451/tmpadgiwfoo/model/latest_results.html
CSV: /workspace/scratch/98e11e0e3451/tmpadgiwfoo/model/latest_results.csv
SVG: /workspace/scratch/98e11e0e3451/tmpadgiwfoo/model/latest_results.svg
Run receipt: /workspace/scratch/98e11e0e3451/tmpadgiwfoo/model/latest_results_manifest.json
Run 1 — Saved conductivity salt test completed successfully.
Recipe used: Run 1 — Saved conductivity salt test: load capacity 0.8 g/L resin; required feed volume 0.4 mL; 5.4 CV total (Load 0.4 CV @ 1 mL/min [0–0.4 CV] (%B 0→0) (salt 1.5→1.5 M; conductivity 75→75 mS/cm), Elution 1 5 CV @ 1 mL/min [0.4–5.4 CV] (%B 0→100) (salt 1.5→1.5 M; conductivity 75→75 mS/cm))
Active mechanistic inputs consumed: 20
HTML: /workspace/scratch/98e11e0e3451/tmpadgiwfoo/model/latest_results.html
CSV: /workspace/scratch/98e11e0e3451/tmpadgiwfoo/model/latest_results.csv
SVG: /workspace/scratch/98e11e0e3451/tmpadgiwfoo/model/latest_results.svg
Run receipt: /workspace/scratch/98e11e0e3451/tmpadgiwfoo/model/latest_results_manifest.json